


ARM Macro Assembler    Page 1 


    1 00000000                 AREA             PROGRAM, CODE, READONLY
    2 00000000                 ENTRY
    3 00000000         MAIN
    4 00000000 E3A00A01        LDR              R0, =0X00001000
    5 00000004 E3A0200A        MOV              R2, #10
    6 00000008 E4D01001 
                       LOOP    LDRB             R1, [R0], #1
    7 0000000C E35100AC        CMP              R1, #0XAC
    8 00000010 02833001        ADDEQ            R3,R3,#1
    9 00000014 E2522001        SUBS             R2,R2,#1
   10 00000018 1AFFFFFA        BNE              LOOP
   11 0000001C                 END
Command Line: --debug --xref --bi --apcs=interwork --depend=Exp5.d -oExp5.o -IC
:\Keil\ARM\RV31\INC -IC:\Keil\ARM\CMSIS\Include --predefine="__EVAL SETA 1" --l
ist=Exp5.lst Exp5.asm



ARM Macro Assembler    Page 1 Alphabetic symbol ordering
Relocatable symbols

LOOP 00000008

Symbol: LOOP
   Definitions
      At line 6 in file Exp5.asm
   Uses
      At line 10 in file Exp5.asm
Comment: LOOP used once
MAIN 00000000

Symbol: MAIN
   Definitions
      At line 3 in file Exp5.asm
   Uses
      None
Comment: MAIN unused
PROGRAM 00000000

Symbol: PROGRAM
   Definitions
      At line 1 in file Exp5.asm
   Uses
      None
Comment: PROGRAM unused
3 symbols
334 symbols in table
