<!doctype html public "-//w3c//dtd html 4.0 transitional//en">
<html><head>
<title>Static Call Graph - [C:\Users\User\Documents\Code-sync\Keil\ARM\Experiment 4\Experiment_4.axf]</title></head>
<body><HR>
<H1>Static Call Graph for image C:\Users\User\Documents\Code-sync\Keil\ARM\Experiment 4\Experiment_4.axf</H1><HR>
<BR><P>#&#060CALLGRAPH&#062# ARM Linker, 5.03 [Build 24]: Last Updated: Tue Feb 22 19:08:55 2022
<BR><P>
<H3>Maximum Stack Usage =          0 bytes</H3><H3>
Call chain for Maximum Stack Depth:</H3>

<P>
<H3>
Global Symbols
</H3><P>
<H3>
Local Symbols
</H3><P>
<H3>
Undefined Global Symbols
</H3><HR></body></html>
