


ARM Macro Assembler    Page 1 


    1 00000000                 AREA             PROGRAM, CODE, READONLY
    2 00000000                 ENTRY
    3 00000000         MAIN
    4 00000000 E59F0010        LDR              R0, =0x00120011
    5 00000004 E3A01003        LDR              R1, =0x00000003
    6 00000008 E59F200C        LDR              R2, VALUE1
    7 0000000C E59F300C        LDR              R3, VALUE2
    8 00000010 E0804001        ADD              R4, R0, R1  ;immediate addressi
                                                            ng
    9 00000014 E0825003        ADD              R5, R2, R3  ;direct addressing
   10 00000018         
   11 00000018 00120011        AREA             PROGRAM, DATA, READONLY
   12 0000001C 00120011 
                       VALUE1  DCD              &00120011   ; DCD = Define Cons
                                                            tant Double word
   13 00000020 00000003 
                       VALUE2  DCD              &00000003
   14 00000024         
   15 00000024                 END
Command Line: --debug --xref --bi --apcs=interwork --depend=EXP1B.d -oEXP1B.o -
IC:\Keil\ARM\RV31\INC -IC:\Keil\ARM\CMSIS\Include --predefine="__EVAL SETA 1" -
-list=EXP1B.lst EXP1B.asm



ARM Macro Assembler    Page 1 Alphabetic symbol ordering
Relocatable symbols

MAIN 00000000

Symbol: MAIN
   Definitions
      At line 3 in file EXP1B.asm
   Uses
      None
Comment: MAIN unused
PROGRAM 00000000

Symbol: PROGRAM
   Definitions
      At line 1 in file EXP1B.asm
   Uses
      None
Comment: PROGRAM unused
VALUE1 0000001C

Symbol: VALUE1
   Definitions
      At line 12 in file EXP1B.asm
   Uses
      At line 6 in file EXP1B.asm
Comment: VALUE1 used once
VALUE2 00000020

Symbol: VALUE2
   Definitions
      At line 13 in file EXP1B.asm
   Uses
      At line 7 in file EXP1B.asm
Comment: VALUE2 used once
4 symbols
337 symbols in table
